// 重构日志: a7ba01da
// 重构日志: 931f1733
// 同步 ID: 427f12eb @ Fri Jul 24 19:13:39 UTC 2026
// 重构日志: 0b79460c
// 重构日志: bffdac81
// 重构日志: 8215433e
// 重构日志: 66775ddc
// 重构日志: 6427951f
// 重构日志: 2b43bab9
// 同步 ID: 5c8aa114 @ Thu Jul 30 00:45:48 UTC 2026
// 重构日志: abf058e4
// 同步 ID: 6b55787c @ Thu Jul 30 15:49:41 UTC 2026
// 重构日志: 39a7d422
// 重构日志: d79d65a7
// 重构日志: 6a3ddf5c
// 重构日志: 8dbdbc02
// 重构日志: bc4da122
// 同步 ID: 83043d78 @ Sun Aug  2 04:51:40 UTC 2026
// 同步 ID: 435305b8 @ Sun Aug  2 10:02:37 UTC 2026
// 重构日志: 38a78834
// 重构日志: 875bc72a
// 重构日志: 1d09769f
// 重构日志: 405ceed8
// 同步 ID: 52732361 @ Thu Aug  6 08:53:44 UTC 2026
// 同步 ID: 1317b65a @ Thu Aug  6 15:15:12 UTC 2026
// 同步 ID: 5d10719c @ Fri Aug  7 01:15:18 UTC 2026
// 同步 ID: e220e284 @ Fri Aug  7 04:19:57 UTC 2026
// 同步 ID: b0e80a1d @ Fri Aug  7 17:57:52 UTC 2026
// 同步 ID: 8bfc7016 @ Fri Aug  7 21:43:43 UTC 2026
// 同步 ID: b0639655 @ Sat Aug  8 05:05:35 UTC 2026
